============================= test session starts =============================
platform win32 -- Python 3.14.3, pytest-9.0.2, pluggy-1.6.0
rootdir: C:\Users\User\Documents\Project_Next
configfile: pyproject.toml
plugins: anyio-4.12.1, asyncio-1.3.0
asyncio: mode=Mode.AUTO, debug=False, asyncio_default_fixture_loop_scope=None, asyncio_default_test_loop_scope=function
collected 308 items / 1 error

=================================== ERRORS ====================================
________________ ERROR collecting tests/test_extensibility.py _________________
ImportError while importing test module 'C:\Users\User\Documents\Project_Next\tests\test_extensibility.py'.
Hint: make sure your test modules/packages have valid Python names.
Traceback:
..\..\AppData\Local\Programs\Python\Python314\Lib\importlib\__init__.py:88: in import_module
    return _bootstrap._gcd_import(name[level:], package, level)
           ^^^^^^^^^^^^^^^^^^^^^^^^^^^^^^^^^^^^^^^^^^^^^^^^^^^^
tests\test_extensibility.py:94: in <module>
    from loom.extensibility.claw import ClawCodeLens
E   ModuleNotFoundError: No module named 'loom.extensibility.claw'
=========================== short test summary info ===========================
ERROR tests/test_extensibility.py
!!!!!!!!!!!!!!!!!!! Interrupted: 1 error during collection !!!!!!!!!!!!!!!!!!!!
============================== 1 error in 0.30s ===============================
